// Jest Snapshot v1, https://goo.gl/fbAQLP

exports[`shinkansen-cogs/components/title/password <Description /> With additional props renders 1`] = `
<span
  className="MOCK CLASSNAME"
/>
`;

exports[`shinkansen-cogs/components/title/password <Description /> With required props renders 1`] = `null`;
