// Jest Snapshot v1, https://goo.gl/fbAQLP

exports[`@modernpoacher/cogs/cogs/number/description <Description /> With additional props renders 1`] = `
<span
  className="MOCK CLASSNAME"
>
  MOCK DESCRIPTION
</span>
`;

exports[`@modernpoacher/cogs/cogs/number/description <Description /> With required props renders 1`] = `null`;
