// Jest Snapshot v1, https://goo.gl/fbAQLP

exports[`@modernpoacher/cogs/components/title/email <Description /> With additional props renders 1`] = `
<span
  className="MOCK CLASSNAME"
/>
`;

exports[`@modernpoacher/cogs/components/title/email <Description /> With required props renders 1`] = `null`;
