// Jest Snapshot v1, https://goo.gl/fbAQLP

exports[`@modernpoacher/cogs/cogs/email <Cog /> With additional props renders 1`] = `
<div
  className="MOCK CLASSNAME"
/>
`;

exports[`@modernpoacher/cogs/cogs/email <Cog /> With required props renders 1`] = `
<div
  className="MOCK CLASSNAME"
/>
`;
