// Jest Snapshot v1, https://goo.gl/fbAQLP

exports[`@modernpoacher/cogs/cogs/email/description <Description /> With additional props renders 1`] = `
<span
  className="MOCK CLASSNAME"
>
  <span
    className="text-content"
  >
    MOCK DESCRIPTION
  </span>
</span>
`;

exports[`@modernpoacher/cogs/cogs/email/description <Description /> With required props renders 1`] = `null`;
