// Jest Snapshot v1, https://goo.gl/fbAQLP

exports[`@modernpoacher/cogs/components/title/select <Title /> With additional props renders 1`] = `
<label
  className="MOCK CLASSNAME"
  htmlFor="MOCK ID"
>
  MOCK TITLE
</label>
`;

exports[`@modernpoacher/cogs/components/title/select <Title /> With required props renders 1`] = `null`;
