// Jest Snapshot v1, https://goo.gl/fbAQLP

exports[`#components/common/readonly <Component /> renders 1`] = `
<span
  className="is-readonly"
>
  *
</span>
`;
