// Jest Snapshot v1, https://goo.gl/fbAQLP

exports[`#components/title/checkbox <Title /> With additional props renders 1`] = `
<label
  className="MOCK CLASSNAME"
  htmlFor="MOCK ID"
/>
`;

exports[`#components/title/checkbox <Title /> With required props renders 1`] = `null`;
